[2026-01-19T17:11:47.980Z] Erreur création notification: Validation error: Validation isUrl on lien_action failed 
 SequelizeValidationError: Validation error: Validation isUrl on lien_action failed
    at InstanceValidator._validate (C:\Users\ADN_CG_1\Desktop\edt-manager-app\edt-api\node_modules\sequelize\lib\instance-validator.js:50:13)
    at process.processTicksAndRejections (node:internal/process/task_queues:105:5)
    at async InstanceValidator._validateAndRunHooks (C:\Users\ADN_CG_1\Desktop\edt-manager-app\edt-api\node_modules\sequelize\lib\instance-validator.js:60:7)
    at async InstanceValidator.validate (C:\Users\ADN_CG_1\Desktop\edt-manager-app\edt-api\node_modules\sequelize\lib\instance-validator.js:54:12)
    at async model.save (C:\Users\ADN_CG_1\Desktop\edt-manager-app\edt-api\node_modules\sequelize\lib\model.js:2426:7)
    at async Notification.create (C:\Users\ADN_CG_1\Desktop\edt-manager-app\edt-api\node_modules\sequelize\lib\model.js:1362:12)
    at async NotificationService.creerNotification (C:\Users\ADN_CG_1\Desktop\edt-manager-app\edt-api\services\notification.service.js:32:28)
    at async rejeterRattrapage (C:\Users\ADN_CG_1\Desktop\edt-manager-app\edt-api\controllers\rattrapage.controller.js:521:9)
 {"stack":"SequelizeValidationError: Validation error: Validation isUrl on lien_action failed\n    at InstanceValidator._validate (C:\\Users\\ADN_CG_1\\Desktop\\edt-manager-app\\edt-api\\node_modules\\sequelize\\lib\\instance-validator.js:50:13)\n    at process.processTicksAndRejections (node:internal/process/task_queues:105:5)\n    at async InstanceValidator._validateAndRunHooks (C:\\Users\\ADN_CG_1\\Desktop\\edt-manager-app\\edt-api\\node_modules\\sequelize\\lib\\instance-validator.js:60:7)\n    at async InstanceValidator.validate (C:\\Users\\ADN_CG_1\\Desktop\\edt-manager-app\\edt-api\\node_modules\\sequelize\\lib\\instance-validator.js:54:12)\n    at async model.save (C:\\Users\\ADN_CG_1\\Desktop\\edt-manager-app\\edt-api\\node_modules\\sequelize\\lib\\model.js:2426:7)\n    at async Notification.create (C:\\Users\\ADN_CG_1\\Desktop\\edt-manager-app\\edt-api\\node_modules\\sequelize\\lib\\model.js:1362:12)\n    at async NotificationService.creerNotification (C:\\Users\\ADN_CG_1\\Desktop\\edt-manager-app\\edt-api\\services\\notification.service.js:32:28)\n    at async rejeterRattrapage (C:\\Users\\ADN_CG_1\\Desktop\\edt-manager-app\\edt-api\\controllers\\rattrapage.controller.js:521:9)","message":"Validation error: Validation isUrl on lien_action failed","name":"SequelizeValidationError","errors":[{"message":"Validation isUrl on lien_action failed"}]}
[2026-01-19T17:15:51.890Z] Erreur création notification: Validation error: Validation isUrl on lien_action failed 
 SequelizeValidationError: Validation error: Validation isUrl on lien_action failed
    at InstanceValidator._validate (C:\Users\ADN_CG_1\Desktop\edt-manager-app\edt-api\node_modules\sequelize\lib\instance-validator.js:50:13)
    at process.processTicksAndRejections (node:internal/process/task_queues:105:5)
    at async InstanceValidator._validateAndRunHooks (C:\Users\ADN_CG_1\Desktop\edt-manager-app\edt-api\node_modules\sequelize\lib\instance-validator.js:60:7)
    at async InstanceValidator.validate (C:\Users\ADN_CG_1\Desktop\edt-manager-app\edt-api\node_modules\sequelize\lib\instance-validator.js:54:12)
    at async model.save (C:\Users\ADN_CG_1\Desktop\edt-manager-app\edt-api\node_modules\sequelize\lib\model.js:2426:7)
    at async Notification.create (C:\Users\ADN_CG_1\Desktop\edt-manager-app\edt-api\node_modules\sequelize\lib\model.js:1362:12)
    at async NotificationService.creerNotification (C:\Users\ADN_CG_1\Desktop\edt-manager-app\edt-api\services\notification.service.js:32:28)
    at async NotificationService.notifierNouveauRattrapage (C:\Users\ADN_CG_1\Desktop\edt-manager-app\edt-api\services\notification.service.js:200:7)
    at async createRattrapage (C:\Users\ADN_CG_1\Desktop\edt-manager-app\edt-api\controllers\rattrapage.controller.js:249:9)
 {"stack":"SequelizeValidationError: Validation error: Validation isUrl on lien_action failed\n    at InstanceValidator._validate (C:\\Users\\ADN_CG_1\\Desktop\\edt-manager-app\\edt-api\\node_modules\\sequelize\\lib\\instance-validator.js:50:13)\n    at process.processTicksAndRejections (node:internal/process/task_queues:105:5)\n    at async InstanceValidator._validateAndRunHooks (C:\\Users\\ADN_CG_1\\Desktop\\edt-manager-app\\edt-api\\node_modules\\sequelize\\lib\\instance-validator.js:60:7)\n    at async InstanceValidator.validate (C:\\Users\\ADN_CG_1\\Desktop\\edt-manager-app\\edt-api\\node_modules\\sequelize\\lib\\instance-validator.js:54:12)\n    at async model.save (C:\\Users\\ADN_CG_1\\Desktop\\edt-manager-app\\edt-api\\node_modules\\sequelize\\lib\\model.js:2426:7)\n    at async Notification.create (C:\\Users\\ADN_CG_1\\Desktop\\edt-manager-app\\edt-api\\node_modules\\sequelize\\lib\\model.js:1362:12)\n    at async NotificationService.creerNotification (C:\\Users\\ADN_CG_1\\Desktop\\edt-manager-app\\edt-api\\services\\notification.service.js:32:28)\n    at async NotificationService.notifierNouveauRattrapage (C:\\Users\\ADN_CG_1\\Desktop\\edt-manager-app\\edt-api\\services\\notification.service.js:200:7)\n    at async createRattrapage (C:\\Users\\ADN_CG_1\\Desktop\\edt-manager-app\\edt-api\\controllers\\rattrapage.controller.js:249:9)","message":"Validation error: Validation isUrl on lien_action failed","name":"SequelizeValidationError","errors":[{"message":"Validation isUrl on lien_action failed"}]}
